// Jest Snapshot v1, https://goo.gl/fbAQLP

exports[`matches snapshot 1`] = `
<div
  className="mb-4"
>
  <form
    onSubmit={[Function]}
  >
    <input
      className="shadow appearance-none border rounded py-2 px-3 md:w-2/4 sm:w-full text-gray-700 leading-tight focus:outline-none focus:shadow-outline m-4"
    />
    <button
      className="font-bold py-2 px-4 rounded text-gray-900 bg-gray-400 hover:bg-gray-600 md:w-1/4 sm:w-full focus:bg-gray-500"
      type="submit"
    >
      <svg
        aria-hidden="true"
        className="svg-inline--fa fa-plus-circle fa-w-16 mx-2"
        data-icon="plus-circle"
        data-prefix="fas"
        focusable="false"
        role="img"
        style={Object {}}
        viewBox="0 0 512 512"
        xmlns="http://www.w3.org/2000/svg"
      >
        <path
          d="M256 8C119 8 8 119 8 256s111 248 248 248 248-111 248-248S393 8 256 8zm144 276c0 6.6-5.4 12-12 12h-92v92c0 6.6-5.4 12-12 12h-56c-6.6 0-12-5.4-12-12v-92h-92c-6.6 0-12-5.4-12-12v-56c0-6.6 5.4-12 12-12h92v-92c0-6.6 5.4-12 12-12h56c6.6 0 12 5.4 12 12v92h92c6.6 0 12 5.4 12 12v56z"
          fill="currentColor"
          style={Object {}}
        />
      </svg>
      Agregar tarea
    </button>
  </form>
</div>
`;
